
> divan-frontend@0.1.0 build
> next build

  Γû▓ Next.js 14.2.33
  - Environments: .env.local

   Creating an optimized production build ...
 Γ£ô Compiled successfully
   Linting and checking validity of types ...
node.exe : 
At C:\Program 
Files\nodejs\npm.ps1:29 
char:3
+   & $NODE_EXE $NPM_CLI_JS 
$args
+   ~~~~~~~~~~~~~~~~~~~~~~~~
~~~~~
    + CategoryInfo          
    : NotSpecified: (:Stri  
  ng) [], RemoteException
    + FullyQualifiedErrorId 
    : NativeCommandError
 
Failed to compile.

./app/(identity)/forgot-user
name/page.tsx
21:14  Error: '_err' is 
defined but never used.  @ty
pescript-eslint/no-unused-va
rs

./app/(identity)/reset-passw
ord/page.tsx
48:14  Error: '_err' is 
defined but never used.  @ty
pescript-eslint/no-unused-va
rs

./components/SiteHeader.tsx
49:6  Warning: React Hook 
useMemo has an unnecessary 
dependency: 'authUser'. 
Either exclude it or remove 
the dependency array.  
react-hooks/exhaustive-deps

info  - Need to disable 
some ESLint rules? Learn 
more here: https://nextjs.or
g/docs/basic-features/eslint
#disabling-rules
