
> divan-frontend@0.1.0 build
> next build

  Γû▓ Next.js 14.2.33
  - Environments: .env.local

   Creating an optimized production build ...
node.exe : Failed to 
compile.
At C:\Program 
Files\nodejs\npm.ps1:29 
char:3
+   & $NODE_EXE $NPM_CLI_JS 
$args
+   ~~~~~~~~~~~~~~~~~~~~~~~~
~~~~~
    + CategoryInfo          
    : NotSpecified: (Faile  
  d to compile.:String) [   
 ], RemoteException
    + FullyQualifiedErrorId 
    : NativeCommandError
 

./app/(identity)/forgot-pass
word/page.tsx
Error: 
  [31mx[0m Unexpected 
token `main`. Expected jsx 
identifier
    ,-[[36;1;4mC:\Users\sha
hb\OneDrive\Desktop\Divan\fr
ontend\app\(identity)\forgot
-password\page.tsx[0m:14:1]
 [2m14[0m |   const 
handleSubmit = async 
(event: 
FormEvent<HTMLFormElement>) 
=> {
 [2m15[0m | 
 [2m16[0m |     return (
 [2m17[0m |       <main 
className="min-h-screen 
w-full bg-white">
    : [31;1m       ^^^^[0m
 [2m18[0m |         <div 
className="mx-auto flex 
min-h-screen max-w-6xl 
flex-col gap-10 px-6 py-12 
lg:flex-row lg:items-center 
lg:gap-16">
 [2m19[0m |           
<section className="flex 
flex-[1.2] flex-col 
items-center justify-center 
text-slate-900 
lg:items-start">
 [2m19[0m |             
<div className="relative 
flex flex-col">
    `----

Caused by:
    Syntax Error

Import trace for requested 
module:
./app/(identity)/forgot-pass
word/page.tsx


> Build failed because of 
webpack errors
