
> divan-frontend@0.1.0 test
> vitest run

node.exe : [33mThe CJS 
build of Vite's Node API is 
deprecated. See https://vite
.dev/guide/troubleshooting.h
tml#vite-cjs-node-api-deprec
ated for more details.[39m
At C:\Program 
Files\nodejs\npm.ps1:29 
char:3
+   & $NODE_EXE $NPM_CLI_JS 
$args
+   ~~~~~~~~~~~~~~~~~~~~~~~~
~~~~~
    + CategoryInfo          
    : NotSpecified: ([33m  
  The CJS bu...e details.   
 [39m:String) [], Remot    
eException
    + FullyQualifiedErrorId 
    : NativeCommandError
 

[7m[1m[36m RUN [39m[22m[27m [36mv1.6.1[39m [90mC:/Users/shahb/OneDrive/Desktop/Divan/frontend[39m

 [32mΓ£ô[39m __tests__/account.lib.spec.ts [2m ([22m[2m7 tests[22m[2m)[22m[90m 144[2mms[22m[39m
[90mstdout[2m | app\features\activities\api\client.ts:11:11[22m[39m
[activities-core] resolved CORE_BASE = /api (raw: /api )

[90mstderr[2m | app\featur
es\activities\api\client.ts:
14:13[22m[39m
[activities-core] Using 
fallback /api. Set NEXT_PUBL
IC_ACTIVITIES_CORE_URL=http:
//localhost:4005 in 
frontend/.env.local and 
restart dev server.

 [32mΓ£ô[39m __tests__/notifications.hooks.spec.tsx [2m ([22m[2m2 tests[22m[2m)[22m[33m 302[2mms[22m[39m
[90mstdout[2m | __tests__/quicktrivia.panel.spec.tsx[2m > [22m[2mQuickTriviaPanel[2m > [22m[2mlocks after selection[22m[39m
[coreRequest] to: /api/activities/session/s1/join /activities/session/s1/join POST {
  authorization: [32m'Bearer bbbbbbbb-bbbb-bbbb-bbbb-bbbbbbbbbbbb'[39m,
  xUserId: [32m'bbbbbbbb-bbbb-bbbb-bbbb-bbbbbbbbbbbb'[39m
}
[quick_trivia] 2025-11-28T03:59:22.787Z joined quick trivia session { sessionId: [32m's1'[39m, attempt: [33m1[39m }

[90mstdout[2m | __tests__/quicktrivia.panel.spec.tsx[2m > [22m[2mQuickTriviaPanel[2m > [22m[2mlocks after selection[22m[39m
[quick_trivia] 2025-11-28T03:59:22.808Z websocket opened { sessionId: [32m's1'[39m }

[90mstdout[2m | __tests__/quicktrivia.panel.spec.tsx[2m > [22m[2mQuickTriviaPanel[2m > [22m[2mlocks after selection[22m[39m
[quick_trivia] 2025-11-28T03:59:22.822Z round started { sessionId: [32m's1'[39m, roundIndex: [33m0[39m }

[90mstdout[2m | __tests__/quicktrivia.panel.spec.tsx[2m > [22m[2mQuickTriviaPanel[2m > [22m[2mlocks after selection[22m[39m
[coreRequest] to: /api/activities/session/s1/leave /activities/session/s1/leave POST {
  authorization: [32m'Bearer bbbbbbbb-bbbb-bbbb-bbbb-bbbbbbbbbbbb'[39m,
  xUserId: [32m'bbbbbbbb-bbbb-bbbb-bbbb-bbbbbbbbbbbb'[39m
}

[90mstdout[2m | __tests__/quicktrivia.panel.spec.tsx[2m > [22m[2mQuickTriviaPanel[2m > [22m[2mshows session expired banner when ended before start[22m[39m
[coreRequest] to: /api/activities/session/s1/join /activities/session/s1/join POST {
  authorization: [32m'Bearer bbbbbbbb-bbbb-bbbb-bbbb-bbbbbbbbbbbb'[39m,
  xUserId: [32m'bbbbbbbb-bbbb-bbbb-bbbb-bbbbbbbbbbbb'[39m
}
[quick_trivia] 2025-11-28T03:59:23.172Z joined quick trivia session { sessionId: [32m's1'[39m, attempt: [33m1[39m }

[90mstdout[2m | __tests__/quicktrivia.panel.spec.tsx[2m > [22m[2mQuickTriviaPanel[2m > [22m[2mshows session expired banner when ended before start[22m[39m
[quick_trivia] 2025-11-28T03:59:23.258Z websocket opened { sessionId: [32m's1'[39m }

[90mstdout[2m | __tests__/quicktrivia.panel.spec.tsx[2m > [22m[2mQuickTriviaPanel[2m > [22m[2mshows session expired banner when ended before start[22m[39m
[quick_trivia] 2025-11-28T03:59:23.273Z session ended { sessionId: [32m's1'[39m }
[quick_trivia] 2025-11-28T03:59:23.274Z marking session expired { reason: [32m'Session expired, please start a new one.'[39m }

[90mstdout[2m | __tests__/quicktrivia.panel.spec.tsx[2m > [22m[2mQuickTriviaPanel[2m > [22m[2mignores round started events after expiration[22m[39m
[coreRequest] to: /api/activities/session/s1/join /activities/session/s1/join POST {
  authorization: [32m'Bearer bbbbbbbb-bbbb-bbbb-bbbb-bbbbbbbbbbbb'[39m,
  xUserId: [32m'bbbbbbbb-bbbb-bbbb-bbbb-bbbbbbbbbbbb'[39m
}
[quick_trivia] 2025-11-28T03:59:23.344Z joined quick trivia session { sessionId: [32m's1'[39m, attempt: [33m1[39m }

[90mstdout[2m | __tests__/quicktrivia.panel.spec.tsx[2m > [22m[2mQuickTriviaPanel[2m > [22m[2mignores round started events after expiration[22m[39m
[quick_trivia] 2025-11-28T03:59:23.412Z websocket opened { sessionId: [32m's1'[39m }

[90mstdout[2m | __tests__/quicktrivia.panel.spec.tsx[2m > [22m[2mQuickTriviaPanel[2m > [22m[2mignores round started events after expiration[22m[39m
[quick_trivia] 2025-11-28T03:59:23.419Z session ended { sessionId: [32m's1'[39m }
[quick_trivia] 2025-11-28T03:59:23.420Z marking session expired { reason: [32m'Session expired, please start a new one.'[39m }

[90mstdout[2m | __tests__/quicktrivia.panel.spec.tsx[2m > [22m[2mQuickTriviaPanel[2m > [22m[2mhydrates scoreboard from snapshot payload[22m[39m
[coreRequest] to: /api/activities/session/s1/join /activities/session/s1/join POST {
  authorization: [32m'Bearer bbbbbbbb-bbbb-bbbb-bbbb-bbbbbbbbbbbb'[39m,
  xUserId: [32m'bbbbbbbb-bbbb-bbbb-bbbb-bbbbbbbbbbbb'[39m
}
[quick_trivia] 2025-11-28T03:59:23.476Z joined quick trivia session { sessionId: [32m's1'[39m, attempt: [33m1[39m }

[90mstdout[2m | __tests__/quicktrivia.panel.spec.tsx[2m > [22m[2mQuickTriviaPanel[2m > [22m[2mhydrates scoreboard from snapshot payload[22m[39m
[quick_trivia] 2025-11-28T03:59:23.541Z websocket opened { sessionId: [32m's1'[39m }

[90mstdout[2m | __tests__/quicktrivia.panel.spec.tsx[2m > [22m[2mQuickTriviaPanel[2m > [22m[2mhydrates scoreboard from snapshot payload[22m[39m
[coreRequest] to: /api/activities/session/s1/leave /activities/session/s1/leave POST {
  authorization: [32m'Bearer bbbbbbbb-bbbb-bbbb-bbbb-bbbbbbbbbbbb'[39m,
  xUserId: [32m'bbbbbbbb-bbbb-bbbb-bbbb-bbbbbbbbbbbb'[39m
}

[90mstdout[2m | __tests__/quicktrivia.panel.spec.tsx[2m > [22m[2mQuickTriviaPanel[2m > [22m[2mshows tie-break winner copy when provided[22m[39m
[coreRequest] to: /api/activities/session/s1/join /activities/session/s1/join POST {
  authorization: [32m'Bearer bbbbbbbb-bbbb-bbbb-bbbb-bbbbbbbbbbbb'[39m,
  xUserId: [32m'bbbbbbbb-bbbb-bbbb-bbbb-bbbbbbbbbbbb'[39m
}
[quick_trivia] 2025-11-28T03:59:23.665Z joined quick trivia session { sessionId: [32m's1'[39m, attempt: [33m1[39m }

[90mstdout[2m | __tests__/quicktrivia.panel.spec.tsx[2m > [22m[2mQuickTriviaPanel[2m > [22m[2mshows tie-break winner copy when provided[22m[39m
[quick_trivia] 2025-11-28T03:59:23.725Z websocket opened { sessionId: [32m's1'[39m }

[90mstdout[2m | __tests__/quicktrivia.panel.spec.tsx[2m > [22m[2mQuickTriviaPanel[2m > [22m[2mshows tie-break winner copy when provided[22m[39m
[quick_trivia] 2025-11-28T03:59:23.762Z round started { sessionId: [32m's1'[39m, roundIndex: [33m0[39m }

[90mstdout[2m | __tests__/quicktrivia.panel.spec.tsx[2m > [22m[2mQuickTriviaPanel[2m > [22m[2mshows tie-break winner copy when provided[22m[39m
[quick_trivia] 2025-11-28T03:59:23.810Z session ended { sessionId: [32m's1'[39m }

[90mstdout[2m | __tests__/quicktrivia.panel.spec.tsx[2m > [22m[2mQuickTriviaPanel[2m > [22m[2mshows tie-break winner copy when provided[22m[39m
[coreRequest] to: /api/activities/session/s1/leave /activities/session/s1/leave POST {
  authorization: [32m'Bearer bbbbbbbb-bbbb-bbbb-bbbb-bbbbbbbbbbbb'[39m,
  xUserId: [32m'bbbbbbbb-bbbb-bbbb-bbbb-bbbbbbbbbbbb'[39m
}

 [32mΓ£ô[39m __tests__/quicktrivia.panel.spec.tsx [2m ([22m[2m5 tests[22m[2m)[22m[33m 1502[2mms[22m[39m
 [32mΓ£ô[39m __tests__/mod.triage.spec.tsx [2m ([22m[2m2 tests[22m[2m)[22m[33m 4966[2mms[22m[39m
 [32mΓ£ô[39m __tests__/communities.events.spec.tsx [2m ([22m[2m7 tests[22m[2m)[22m[33m 4739[2mms[22m[39m
[90mstdout[2m | __tests__/activities.telemetry.spec.tsx[2m > [22m[2mTelemetry & Anti-Cheat[2m > [22m[2memits keystrokes with throttle/delta and handles paste warning[22m[39m
[speed-typing] opening stream ws://localhost:3000/api/activities/session/s1/stream?authToken=token%3Buid%3Dtest-user%3Bcampus%3Atest-campus&userId=test-user

 [32mΓ£ô[39m __tests__/activities.telemetry.spec.tsx [2m ([22m[2m1 test[22m[2m)[22m[33m 672[2mms[22m[39m
 [32mΓ£ô[39m __tests__/phase-z0/flags.test.tsx [2m ([22m[2m8 tests[22m[2m)[22m[33m 637[2mms[22m[39m
 [32mΓ£ô[39m __tests__/obs/webvitals.test.ts [2m ([22m[2m4 tests[22m[2m)[22m[90m 125[2mms[22m[39m
 [32mΓ£ô[39m __tests__/communities.composer.spec.tsx [2m ([22m[2m3 tests[22m[2m)[22m[33m 7083[2mms[22m[39m
 [32mΓ£ô[39m __tests__/identity.lib.spec.ts [2m ([22m[2m5 tests[22m[2m)[22m[90m 140[2mms[22m[39m
 [33mΓ¥»[39m e2e/mod-audit.spec.ts [2m ([22m[2m0 test[22m[2m)[22m
[90mstdout[2m | __tests__/activities.penalty.spec.tsx[2m > [22m[2mPenalty banner[2m > [22m[2mshows and auto-hides penalty banner[22m[39m
[speed-typing] opening stream ws://localhost:3000/api/activities/session/s1/stream?authToken=token%3Buid%3Dtest-user%3Bcampus%3Atest-campus&userId=test-user
[speed-typing] opening stream ws://localhost:3000/api/activities/session/s1/stream?authToken=token%3Buid%3Dtest-user%3Bcampus%3Atest-campus&userId=test-user

 [32mΓ£ô[39m __tests__/activities.penalty.spec.tsx [2m ([22m[2m1 test[22m[2m)[22m[33m 1757[2mms[22m[39m
 [32mΓ£ô[39m __tests__/social.components.spec.tsx [2m ([22m[2m4 tests[22m[2m)[22m[33m 845[2mms[22m[39m
 [32mΓ£ô[39m __tests__/use-auto-live.test.tsx [2m ([22m[2m3 tests[22m[2m)[22m[90m 177[2mms[22m[39m
 [32mΓ£ô[39m __tests__/app/api/ops/ingest/route.test.ts [2m ([22m[2m4 tests[22m[2m)[22m[90m 180[2mms[22m[39m
 [32mΓ£ô[39m __tests__/tools.jobs.spec.tsx [2m ([22m[2m5 tests[22m[2m)[22m[33m 2311[2mms[22m[39m
[90mstdout[2m | app\features\activities\api\client.ts:11:11[22m[39m
[activities-core] resolved CORE_BASE = /api (raw: /api )

[90mstderr[2m | app\featur
es\activities\api\client.ts:
14:13[22m[39m
[activities-core] Using 
fallback /api. Set NEXT_PUBL
IC_ACTIVITIES_CORE_URL=http:
//localhost:4005 in 
frontend/.env.local and 
restart dev server.

[90mstdout[2m | __tests__/quicktrivia.wsflow.spec.tsx[2m > [22m[2mQuickTrivia WS Flow[2m > [22m[2mreveals correct answer after round end[22m[39m
[coreRequest] to: /api/activities/session/s1/join /activities/session/s1/join POST {
  authorization: [32m'Bearer bbbbbbbb-bbbb-bbbb-bbbb-bbbbbbbbbbbb'[39m,
  xUserId: [32m'bbbbbbbb-bbbb-bbbb-bbbb-bbbbbbbbbbbb'[39m
}
[quick_trivia] 2025-11-28T03:59:56.411Z joined quick trivia session { sessionId: [32m's1'[39m, attempt: [33m1[39m }

[90mstdout[2m | __tests__/quicktrivia.wsflow.spec.tsx[2m > [22m[2mQuickTrivia WS Flow[2m > [22m[2mreveals correct answer after round end[22m[39m
[quick_trivia] 2025-11-28T03:59:56.451Z websocket opened { sessionId: [32m's1'[39m }

[90mstdout[2m | __tests__/quicktrivia.wsflow.spec.tsx[2m > [22m[2mQuickTrivia WS Flow[2m > [22m[2mreveals correct answer after round end[22m[39m
[quick_trivia] 2025-11-28T03:59:56.496Z round started { sessionId: [32m's1'[39m, roundIndex: [33m0[39m }

[90mstdout[2m | __tests__/quicktrivia.wsflow.spec.tsx[2m > [22m[2mQuickTrivia WS Flow[2m > [22m[2mreveals correct answer after round end[22m[39m
[quick_trivia] 2025-11-28T03:59:56.695Z round ended { sessionId: [32m's1'[39m, roundIndex: [90mundefined[39m }

[90mstdout[2m | __tests__/quicktrivia.wsflow.spec.tsx[2m > [22m[2mQuickTrivia WS Flow[2m > [22m[2mreveals correct answer after round end[22m[39m
[coreRequest] to: /api/activities/session/s1/leave /activities/session/s1/leave POST {
  authorization: [32m'Bearer bbbbbbbb-bbbb-bbbb-bbbb-bbbbbbbbbbbb'[39m,
  xUserId: [32m'bbbbbbbb-bbbb-bbbb-bbbb-bbbbbbbbbbbb'[39m
}

 [32mΓ£ô[39m __tests__/quicktrivia.wsflow.spec.tsx [2m ([22m[2m1 test[22m[2m)[22m[33m 797[2mms[22m[39m
 [32mΓ£ô[39m __tests__/search.lib.spec.ts [2m ([22m[2m2 tests[22m[2m)[22m[90m 55[2mms[22m[39m
 [32mΓ£ô[39m __tests__/communities.tag-selector.spec.tsx [2m ([22m[2m2 tests[22m[2m)[22m[33m 1813[2mms[22m[39m
 [32mΓ£ô[39m __tests__/search.components.spec.tsx [2m ([22m[2m4 tests[22m[2m)[22m[33m 2797[2mms[22m[39m
 [32mΓ£ô[39m __tests__/auth-storage.spec.ts [2m ([22m[2m3 tests[22m[2m)[22m[90m 23[2mms[22m[39m
 [32mΓ£ô[39m __tests__/proximity.golive-strip.spec.tsx [2m ([22m[2m3 tests[22m[2m)[22m[33m 2009[2mms[22m[39m
 [32mΓ£ô[39m __tests__/proximity.unit.spec.ts [2m ([22m[2m6 tests[22m[2m)[22m[90m 34[2mms[22m[39m
 [32mΓ£ô[39m __tests__/communities.search-utils.spec.ts [2m ([22m[2m4 tests[22m[2m)[22m[90m 61[2mms[22m[39m
 [32mΓ£ô[39m __tests__/presence.api.spec.ts [2m ([22m[2m3 tests[22m[2m)[22m[90m 23[2mms[22m[39m
[90mstdout[2m | app\features\activities\api\client.ts:11:11[22m[39m
[activities-core] resolved CORE_BASE = /api (raw: /api )

[90mstderr[2m | app\featur
es\activities\api\client.ts:
14:13[22m[39m
[activities-core] Using 
fallback /api. Set NEXT_PUBL
IC_ACTIVITIES_CORE_URL=http:
//localhost:4005 in 
frontend/.env.local and 
restart dev server.

 [32mΓ£ô[39m __tests__/activities.api.spec.ts [2m ([22m[2m2 tests[22m[2m)[22m[90m 17[2mms[22m[39m
 [32mΓ£ô[39m __tests__/activities.quick-card.spec.tsx [2m ([22m[2m2 tests[22m[2m)[22m[33m 451[2mms[22m[39m
 [32mΓ£ô[39m __tests__/activities.lib.spec.ts [2m ([22m[2m3 tests[22m[2m)[22m[90m 37[2mms[22m[39m
 [32mΓ£ô[39m __tests__/chat.test.ts [2m ([22m[2m2 tests[22m[2m)[22m[90m 29[2mms[22m[39m
 [32mΓ£ô[39m __tests__/communities.test.ts [2m ([22m[2m1 test[22m[2m)[22m[90m 69[2mms[22m[39m
 [32mΓ£ô[39m __tests__/leaderboards.components.spec.tsx [2m ([22m[2m3 tests[22m[2m)[22m[33m 404[2mms[22m[39m
 [32mΓ£ô[39m __tests__/speed-typing-panel.paste.spec.tsx [2m ([22m[2m1 test[22m[2m)[22m[33m 1129[2mms[22m[39m
 [33mΓ¥»[39m e2e/communities.spec.ts [2m ([22m[2m0 test[22m[2m)[22m
[90mstdout[2m | app\features\activities\api\client.ts:11:11[22m[39m
[activities-core] resolved CORE_BASE = /api (raw: /api )

[90mstderr[2m | app\featur
es\activities\api\client.ts:
14:13[22m[39m
[activities-core] Using 
fallback /api. Set NEXT_PUBL
IC_ACTIVITIES_CORE_URL=http:
//localhost:4005 in 
frontend/.env.local and 
restart dev server.

[90mstdout[2m | __tests__/activities.session.spec.tsx[2m > [22m[2mSpeedTypingPanel[2m > [22m[2mshows waiting message when not running[22m[39m
[coreRequest] to: /api/activities/session/session-x /activities/session/session-x GET {
  authorization: [32m'Bearer bbbbbbbb-bbbb-bbbb-bbbb-bbbbbbbbbbbb'[39m,
  xUserId: [32m'bbbbbbbb-bbbb-bbbb-bbbb-bbbbbbbbbbbb'[39m
}

 [32mΓ£ô[39m __tests__/activities.session.spec.tsx [2m ([22m[2m1 test[22m[2m)[22m[33m 566[2mms[22m[39m
[90mstdout[2m | app\features\activities\api\client.ts:11:11[22m[39m
[activities-core] resolved CORE_BASE = /api (raw: /api )

[90mstderr[2m | app\featur
es\activities\api\client.ts:
14:13[22m[39m
[activities-core] Using 
fallback /api. Set NEXT_PUBL
IC_ACTIVITIES_CORE_URL=http:
//localhost:4005 in 
frontend/.env.local and 
restart dev server.

 [32mΓ£ô[39m __tests__/activities.modal.spec.tsx [2m ([22m[2m1 test[22m[2m)[22m[33m 861[2mms[22m[39m
 [32mΓ£ô[39m __tests__/quicktrivia.summary.spec.tsx [2m ([22m[2m1 test[22m[2m)[22m[90m 226[2mms[22m[39m
 [2m[90mΓåô[39m[22m __tests__/proximity.e2e.spec.ts [2m ([22m[2m1 test[22m [2m|[22m [33m1 skipped[39m[2m)[22m
 [32mΓ£ô[39m placeholder.test.ts [2m ([22m[2m1 test[22m[2m)[22m[90m 15[2mms[22m[39m
 [33mΓ¥»[39m e2e/proximity.e2e.spec.ts [2m ([22m[2m0 test[22m[2m)[22m

[31mΓÄ»ΓÄ»ΓÄ»ΓÄ»ΓÄ»ΓÄ»[1m
[7m Failed Suites 3 [27m[2
2mΓÄ»ΓÄ»ΓÄ»ΓÄ»ΓÄ»ΓÄ»ΓÄ»[39m

[31m[1m[7m FAIL 
[27m[22m[39m 
e2e/communities.spec.ts 
[2m[ 
e2e/communities.spec.ts 
][22m
[31m[1mError[22m: 
Playwright Test did not 
expect test.describe() to 
be called here.
Most common reasons include:
- You are calling 
test.describe() in a 
configuration file.
- You are calling 
test.describe() in a file 
that is imported by the 
configuration file.
- You have two different 
versions of 
@playwright/test. This 
usually happens
  when one of the 
dependencies in your 
package.json depends on 
@playwright/test.[39m
[90m [2mΓ¥»[22m 
TestTypeImpl._currentSuite n
ode_modules/playwright/lib/c
ommon/testType.js:[2m74:13
[22m[39m
[90m [2mΓ¥»[22m 
TestTypeImpl._describe node_
modules/playwright/lib/commo
n/testType.js:[2m114:24[22
m[39m
[90m [2mΓ¥»[22m 
Function.describe node_modul
es/playwright/lib/transform/
transform.js:[2m275:12[22m
[39m
[36m [2mΓ¥»[22m e2e/commu
nities.spec.ts:[2m3:6[22m
[39m
    [90m  1| 
[39m[35mimport[39m { 
test[33m,[39m expect } 
[35mfrom[39m [32m"@playwr
ight/test"[39m[33m;[39m
    [90m  2| [39m
    [90m  3| [39mtest[33m
.[39m[34mdescribe[39m([3
2m"communities 
hub"[39m[33m,[39m () 
[33m=>[39m {
    [90m   | [39m     
[31m^[39m
    [90m  4| [39m  [34mte
st[39m([32m"renders group 
cards when API 
responds"[39m[33m,[39m 
[35masync[39m ({ page }) 
[33m=>[39m {
    [90m  5| [39m    
[35mawait[39m page[33m.[
39m[34mroute[39m([32m"**/
api/me"[39m[33m,[39m 
[35masync[39m (route) 
[33m=>[39m {

[31m[2mΓÄ»ΓÄ»ΓÄ»ΓÄ»ΓÄ»ΓÄ»Γ
Ä»ΓÄ»ΓÄ»ΓÄ»ΓÄ»ΓÄ»ΓÄ»ΓÄ»ΓÄ»ΓÄ
»ΓÄ»ΓÄ»ΓÄ»ΓÄ»ΓÄ»ΓÄ»ΓÄ»ΓÄ»[1/
3]ΓÄ»[22m[39m

[31m[1m[7m FAIL 
[27m[22m[39m 
e2e/mod-audit.spec.ts [2m[ 
e2e/mod-audit.spec.ts ][22m
[31m[1mError[22m: 
Playwright Test did not 
expect test.describe() to 
be called here.
Most common reasons include:
- You are calling 
test.describe() in a 
configuration file.
- You are calling 
test.describe() in a file 
that is imported by the 
configuration file.
- You have two different 
versions of 
@playwright/test. This 
usually happens
  when one of the 
dependencies in your 
package.json depends on 
@playwright/test.[39m
[90m [2mΓ¥»[22m 
TestTypeImpl._currentSuite n
ode_modules/playwright/lib/c
ommon/testType.js:[2m74:13
[22m[39m
[90m [2mΓ¥»[22m 
TestTypeImpl._describe node_
modules/playwright/lib/commo
n/testType.js:[2m114:24[22
m[39m
[90m [2mΓ¥»[22m 
Function.describe node_modul
es/playwright/lib/transform/
transform.js:[2m275:12[22m
[39m
[36m [2mΓ¥»[22m e2e/mod-a
udit.spec.ts:[2m41:6[22m[
39m
    [90m 39| [39m}
    [90m 40| [39m
    [90m 41| [39mtest[33m
.[39m[34mdescribe[39m([3
2m"moderation audit 
explorer"[39m[33m,[39m 
() [33m=>[39m {
    [90m   | [39m     
[31m^[39m
    [90m 42| [39m  [34mte
st[39m([32m"renders audit 
events and toggles 
diff"[39m[33m,[39m 
[35masync[39m ({ page }) 
[33m=>[39m {
    [90m 43| [39m    
[35mawait[39m [34mstubSta
ffIdentity[39m(page)[33m;
[39m

[31m[2mΓÄ»ΓÄ»ΓÄ»ΓÄ»ΓÄ»ΓÄ»Γ
Ä»ΓÄ»ΓÄ»ΓÄ»ΓÄ»ΓÄ»ΓÄ»ΓÄ»ΓÄ»ΓÄ
»ΓÄ»ΓÄ»ΓÄ»ΓÄ»ΓÄ»ΓÄ»ΓÄ»ΓÄ»[2/
3]ΓÄ»[22m[39m

[31m[1m[7m FAIL 
[27m[22m[39m 
e2e/proximity.e2e.spec.ts 
[2m[ 
e2e/proximity.e2e.spec.ts 
][22m
[31m[1mError[22m: 
test.skip() can only be 
called inside test, 
describe block or 
fixture[39m
[90m [2mΓ¥»[22m 
TestTypeImpl._modifier node_
modules/playwright/lib/commo
n/testType.js:[2m212:13[22
m[39m
[90m [2mΓ¥»[22m 
Function.skip node_modules/p
laywright/lib/transform/tran
sform.js:[2m275:12[22m[39
m
[36m [2mΓ¥»[22m e2e/proxi
mity.e2e.spec.ts:[2m3:6[22
m[39m
    [90m  1| 
[39m[35mimport[39m { 
test } [35mfrom[39m [32m"
@playwright/test"[39m[33m;
[39m
    [90m  2| [39m
    [90m  3| [39mtest[33m
.[39m[34mskip[39m([32m"p
laywright placeholder 
(moved)"[39m[33m,[39m () 
[33m=>[39m {
    [90m   | [39m     
[31m^[39m
    [90m  4| [39m  
[90m// Moved to `frontend/e
2e/proximity.e2e.ts`; run 
with Playwright's r[39mΓÇª
    [90m  5| 
[39m})[33m;[39m

[31m[2mΓÄ»ΓÄ»ΓÄ»ΓÄ»ΓÄ»ΓÄ»Γ
Ä»ΓÄ»ΓÄ»ΓÄ»ΓÄ»ΓÄ»ΓÄ»ΓÄ»ΓÄ»ΓÄ
»ΓÄ»ΓÄ»ΓÄ»ΓÄ»ΓÄ»ΓÄ»ΓÄ»ΓÄ»[3/
3]ΓÄ»[22m[39m

[2m Test Files [22m [1m[31m3 failed[39m[22m[2m | [22m[1m[32m35 passed[39m[22m[2m | [22m[33m1 skipped[39m[90m (39)[39m
[2m      Tests [22m [1m[32m107 passed[39m[22m[2m | [22m[33m1 skipped[39m[90m (108)[39m
[2m   Start at [22m 22:59:01
[2m   Duration [22m 102.66s[2m (transform 31.50s, setup 46.64s, collect 101.72s, tests 37.00s, environment 287.08s, prepare 56.26s)[22m

