
Running 1 test using 1 worker

  Γ£ÿ  1 e2e\meetups.spec.ts:4:9 ΓÇ║ Meetups E2E ΓÇ║ should create a meetup, join, and chat (14.8s)


  1) e2e\meetups.spec.ts:4:9 ΓÇ║ Meetups E2E ΓÇ║ should create a meetup, join, and chat ΓöÇΓöÇΓöÇΓöÇΓöÇΓöÇΓöÇΓöÇΓöÇΓöÇΓöÇΓöÇΓöÇΓöÇΓöÇΓöÇ

    Error: [2mexpect([22m[31mlocator[39m[2m).[22mtoBeVisible[2m([22m[2m)[22m failed

    Locator: getByRole('heading', { name: 'Meetups' })
    Expected: visible
    Timeout: 5000ms
    Error: element(s) not found

    Call log:
    [2m  - Expect "toBeVisible" with timeout 5000ms[22m
    [2m  - waiting for getByRole('heading', { name: 'Meetups' })[22m


      14 |         // 2. Navigate to Meetups
      15 |         await page.goto("/meetups");
    > 16 |         await expect(page.getByRole("heading", { name: "Meetups" })).toBeVisible();
         |                                                                      ^
      17 |
      18 |         // 3. Create a new Meetup
      19 |         await page.getByRole("button", { name: "Host a Meetup" }).click();
        at C:\Users\shahb\OneDrive\Desktop\Divan\frontend\e2e\meetups.spec.ts:16:70

    Error Context: test-results\meetups-Meetups-E2E-should-create-a-meetup-join-and-chat\error-context.md

  1 failed
    e2e\meetups.spec.ts:4:9 ΓÇ║ Meetups E2E ΓÇ║ should create a meetup, join, and chat ΓöÇΓöÇΓöÇΓöÇΓöÇΓöÇΓöÇΓöÇΓöÇΓöÇΓöÇΓöÇΓöÇΓöÇΓöÇΓöÇΓöÇ
